// Jest Snapshot v1, https://goo.gl/fbAQLP

exports[`Gates tests Gates renders without crushing 1`] = `
<div
  className="gates"
>
  <div />
</div>
`;
