// Jest Snapshot v1, https://goo.gl/fbAQLP

exports[`Pacman tests Pacman rendered without crushing 1`] = `
<div
  className="pacman"
  onAnimationEnd={[Function]}
  style={
    Object {
      "left": "24rem",
      "top": "32rem",
    }
  }
>
  <div
    className="top"
  >
    â€¢
  </div>
  <div
    className="bottom"
  />
</div>
`;
