// Jest Snapshot v1, https://goo.gl/fbAQLP

exports[`Way testing Way rendered without crushing 1`] = `
<div
  className="way empty"
>
  <div />
</div>
`;
